// Jest Snapshot v1, https://goo.gl/fbAQLP

exports[`GET /rest/:id Auto zu vorhandener ID 1`] = `"https://gentlebookpro.local:3001/rest/1"`;
